19:25:12 **** Clean-only build of configuration Debug for project PCB_sensor testing ****
make -j16 clean 
rm -rf  default.size.stdout  PCBv1.list  PCBv1.elf  ./Drivers/STM32L0xx_HAL_Driver/Src/stm32l0xx_hal.o ./Drivers/STM32L0xx_HAL_Driver/Src/stm32l0xx_hal_adc.o ./Drivers/STM32L0xx_HAL_Driver/Src/stm32l0xx_hal_adc_ex.o ./Drivers/STM32L0xx_HAL_Driver/Src/stm32l0xx_hal_cortex.o ./Drivers/STM32L0xx_HAL_Driver/Src/stm32l0xx_hal_dma.o ./Drivers/STM32L0xx_HAL_Driver/Src/stm32l0xx_hal_exti.o ./Drivers/STM32L0xx_HAL_Driver/Src/stm32l0xx_hal_flash.o ./Drivers/STM32L0xx_HAL_Driver/Src/stm32l0xx_hal_flash_ex.o ./Drivers/STM32L0xx_HAL_Driver/Src/stm32l0xx_hal_flash_ramfunc.o ./Drivers/STM32L0xx_HAL_Driver/Src/stm32l0xx_hal_gpio.o ./Drivers/STM32L0xx_HAL_Driver/Src/stm32l0xx_hal_i2c.o ./Drivers/STM32L0xx_HAL_Driver/Src/stm32l0xx_hal_i2c_ex.o ./Drivers/STM32L0xx_HAL_Driver/Src/stm32l0xx_hal_pwr.o ./Drivers/STM32L0xx_HAL_Driver/Src/stm32l0xx_hal_pwr_ex.o ./Drivers/STM32L0xx_HAL_Driver/Src/stm32l0xx_hal_rcc.o ./Drivers/STM32L0xx_HAL_Driver/Src/stm32l0xx_hal_rcc_ex.o ./Drivers/STM32L0xx_HAL_Driver/Src/stm32l0xx_hal_tim.o ./Drivers/STM32L0xx_HAL_Driver/Src/stm32l0xx_hal_tim_ex.o  ./Core/Startup/startup_stm32l072rbtx.o  ./Core/Src/BMP180.o ./Core/Src/DHT22.o ./Core/Src/DS18B20.o ./Core/Src/delay.o ./Core/Src/main.o ./Core/Src/stm32l0xx_hal_msp.o ./Core/Src/stm32l0xx_it.o ./Core/Src/syscalls.o ./Core/Src/sysmem.o ./Core/Src/system_stm32l0xx.o  ./Core/Startup/startup_stm32l072rbtx.d  ./Drivers/STM32L0xx_HAL_Driver/Src/stm32l0xx_hal.d ./Drivers/STM32L0xx_HAL_Driver/Src/stm32l0xx_hal_adc.d ./Drivers/STM32L0xx_HAL_Driver/Src/stm32l0xx_hal_adc_ex.d ./Drivers/STM32L0xx_HAL_Driver/Src/stm32l0xx_hal_cortex.d ./Drivers/STM32L0xx_HAL_Driver/Src/stm32l0xx_hal_dma.d ./Drivers/STM32L0xx_HAL_Driver/Src/stm32l0xx_hal_exti.d ./Drivers/STM32L0xx_HAL_Driver/Src/stm32l0xx_hal_flash.d ./Drivers/STM32L0xx_HAL_Driver/Src/stm32l0xx_hal_flash_ex.d ./Drivers/STM32L0xx_HAL_Driver/Src/stm32l0xx_hal_flash_ramfunc.d ./Drivers/STM32L0xx_HAL_Driver/Src/stm32l0xx_hal_gpio.d ./Drivers/STM32L0xx_HAL_Driver/Src/stm32l0xx_hal_i2c.d ./Drivers/STM32L0xx_HAL_Driver/Src/stm32l0xx_hal_i2c_ex.d ./Drivers/STM32L0xx_HAL_Driver/Src/stm32l0xx_hal_pwr.d ./Drivers/STM32L0xx_HAL_Driver/Src/stm32l0xx_hal_pwr_ex.d ./Drivers/STM32L0xx_HAL_Driver/Src/stm32l0xx_hal_rcc.d ./Drivers/STM32L0xx_HAL_Driver/Src/stm32l0xx_hal_rcc_ex.d ./Drivers/STM32L0xx_HAL_Driver/Src/stm32l0xx_hal_tim.d ./Drivers/STM32L0xx_HAL_Driver/Src/stm32l0xx_hal_tim_ex.d  ./Core/Src/BMP180.d ./Core/Src/DHT22.d ./Core/Src/DS18B20.d ./Core/Src/delay.d ./Core/Src/main.d ./Core/Src/stm32l0xx_hal_msp.d ./Core/Src/stm32l0xx_it.d ./Core/Src/syscalls.d ./Core/Src/sysmem.d ./Core/Src/system_stm32l0xx.d  PCBv1.bin  PCBv1.elf
 
19:25:13 **** Build of configuration Debug for project PCB_sensor testing ****
make -j16 all 
arm-none-eabi-gcc "../Drivers/STM32L0xx_HAL_Driver/Src/stm32l0xx_hal.c" -mcpu=cortex-m0plus -std=gnu11 -g3 -DDEBUG -DUSE_HAL_DRIVER -DSTM32L072xx -c -I../Core/Inc -I../Drivers/STM32L0xx_HAL_Driver/Inc -I../Drivers/STM32L0xx_HAL_Driver/Inc/Legacy -I../Drivers/CMSIS/Device/ST/STM32L0xx/Include -I../Drivers/CMSIS/Include -O0 -ffunction-sections -fdata-sections -Wall -fstack-usage -MMD -MP -MF"Drivers/STM32L0xx_HAL_Driver/Src/stm32l0xx_hal.d" -MT"Drivers/STM32L0xx_HAL_Driver/Src/stm32l0xx_hal.o" --specs=nano.specs -mfloat-abi=soft -mthumb -o "Drivers/STM32L0xx_HAL_Driver/Src/stm32l0xx_hal.o"
arm-none-eabi-gcc "../Drivers/STM32L0xx_HAL_Driver/Src/stm32l0xx_hal_adc.c" -mcpu=cortex-m0plus -std=gnu11 -g3 -DDEBUG -DUSE_HAL_DRIVER -DSTM32L072xx -c -I../Core/Inc -I../Drivers/STM32L0xx_HAL_Driver/Inc -I../Drivers/STM32L0xx_HAL_Driver/Inc/Legacy -I../Drivers/CMSIS/Device/ST/STM32L0xx/Include -I../Drivers/CMSIS/Include -O0 -ffunction-sections -fdata-sections -Wall -fstack-usage -MMD -MP -MF"Drivers/STM32L0xx_HAL_Driver/Src/stm32l0xx_hal_adc.d" -MT"Drivers/STM32L0xx_HAL_Driver/Src/stm32l0xx_hal_adc.o" --specs=nano.specs -mfloat-abi=soft -mthumb -o "Drivers/STM32L0xx_HAL_Driver/Src/stm32l0xx_hal_adc.o"
arm-none-eabi-gcc "../Drivers/STM32L0xx_HAL_Driver/Src/stm32l0xx_hal_adc_ex.c" -mcpu=cortex-m0plus -std=gnu11 -g3 -DDEBUG -DUSE_HAL_DRIVER -DSTM32L072xx -c -I../Core/Inc -I../Drivers/STM32L0xx_HAL_Driver/Inc -I../Drivers/STM32L0xx_HAL_Driver/Inc/Legacy -I../Drivers/CMSIS/Device/ST/STM32L0xx/Include -I../Drivers/CMSIS/Include -O0 -ffunction-sections -fdata-sections -Wall -fstack-usage -MMD -MP -MF"Drivers/STM32L0xx_HAL_Driver/Src/stm32l0xx_hal_adc_ex.d" -MT"Drivers/STM32L0xx_HAL_Driver/Src/stm32l0xx_hal_adc_ex.o" --specs=nano.specs -mfloat-abi=soft -mthumb -o "Drivers/STM32L0xx_HAL_Driver/Src/stm32l0xx_hal_adc_ex.o"
arm-none-eabi-gcc "../Drivers/STM32L0xx_HAL_Driver/Src/stm32l0xx_hal_cortex.c" -mcpu=cortex-m0plus -std=gnu11 -g3 -DDEBUG -DUSE_HAL_DRIVER -DSTM32L072xx -c -I../Core/Inc -I../Drivers/STM32L0xx_HAL_Driver/Inc -I../Drivers/STM32L0xx_HAL_Driver/Inc/Legacy -I../Drivers/CMSIS/Device/ST/STM32L0xx/Include -I../Drivers/CMSIS/Include -O0 -ffunction-sections -fdata-sections -Wall -fstack-usage -MMD -MP -MF"Drivers/STM32L0xx_HAL_Driver/Src/stm32l0xx_hal_cortex.d" -MT"Drivers/STM32L0xx_HAL_Driver/Src/stm32l0xx_hal_cortex.o" --specs=nano.specs -mfloat-abi=soft -mthumb -o "Drivers/STM32L0xx_HAL_Driver/Src/stm32l0xx_hal_cortex.o"
arm-none-eabi-gcc "../Drivers/STM32L0xx_HAL_Driver/Src/stm32l0xx_hal_dma.c" -mcpu=cortex-m0plus -std=gnu11 -g3 -DDEBUG -DUSE_HAL_DRIVER -DSTM32L072xx -c -I../Core/Inc -I../Drivers/STM32L0xx_HAL_Driver/Inc -I../Drivers/STM32L0xx_HAL_Driver/Inc/Legacy -I../Drivers/CMSIS/Device/ST/STM32L0xx/Include -I../Drivers/CMSIS/Include -O0 -ffunction-sections -fdata-sections -Wall -fstack-usage -MMD -MP -MF"Drivers/STM32L0xx_HAL_Driver/Src/stm32l0xx_hal_dma.d" -MT"Drivers/STM32L0xx_HAL_Driver/Src/stm32l0xx_hal_dma.o" --specs=nano.specs -mfloat-abi=soft -mthumb -o "Drivers/STM32L0xx_HAL_Driver/Src/stm32l0xx_hal_dma.o"
arm-none-eabi-gcc "../Drivers/STM32L0xx_HAL_Driver/Src/stm32l0xx_hal_exti.c" -mcpu=cortex-m0plus -std=gnu11 -g3 -DDEBUG -DUSE_HAL_DRIVER -DSTM32L072xx -c -I../Core/Inc -I../Drivers/STM32L0xx_HAL_Driver/Inc -I../Drivers/STM32L0xx_HAL_Driver/Inc/Legacy -I../Drivers/CMSIS/Device/ST/STM32L0xx/Include -I../Drivers/CMSIS/Include -O0 -ffunction-sections -fdata-sections -Wall -fstack-usage -MMD -MP -MF"Drivers/STM32L0xx_HAL_Driver/Src/stm32l0xx_hal_exti.d" -MT"Drivers/STM32L0xx_HAL_Driver/Src/stm32l0xx_hal_exti.o" --specs=nano.specs -mfloat-abi=soft -mthumb -o "Drivers/STM32L0xx_HAL_Driver/Src/stm32l0xx_hal_exti.o"
arm-none-eabi-gcc "../Drivers/STM32L0xx_HAL_Driver/Src/stm32l0xx_hal_flash.c" -mcpu=cortex-m0plus -std=gnu11 -g3 -DDEBUG -DUSE_HAL_DRIVER -DSTM32L072xx -c -I../Core/Inc -I../Drivers/STM32L0xx_HAL_Driver/Inc -I../Drivers/STM32L0xx_HAL_Driver/Inc/Legacy -I../Drivers/CMSIS/Device/ST/STM32L0xx/Include -I../Drivers/CMSIS/Include -O0 -ffunction-sections -fdata-sections -Wall -fstack-usage -MMD -MP -MF"Drivers/STM32L0xx_HAL_Driver/Src/stm32l0xx_hal_flash.d" -MT"Drivers/STM32L0xx_HAL_Driver/Src/stm32l0xx_hal_flash.o" --specs=nano.specs -mfloat-abi=soft -mthumb -o "Drivers/STM32L0xx_HAL_Driver/Src/stm32l0xx_hal_flash.o"
arm-none-eabi-gcc "../Drivers/STM32L0xx_HAL_Driver/Src/stm32l0xx_hal_flash_ex.c" -mcpu=cortex-m0plus -std=gnu11 -g3 -DDEBUG -DUSE_HAL_DRIVER -DSTM32L072xx -c -I../Core/Inc -I../Drivers/STM32L0xx_HAL_Driver/Inc -I../Drivers/STM32L0xx_HAL_Driver/Inc/Legacy -I../Drivers/CMSIS/Device/ST/STM32L0xx/Include -I../Drivers/CMSIS/Include -O0 -ffunction-sections -fdata-sections -Wall -fstack-usage -MMD -MP -MF"Drivers/STM32L0xx_HAL_Driver/Src/stm32l0xx_hal_flash_ex.d" -MT"Drivers/STM32L0xx_HAL_Driver/Src/stm32l0xx_hal_flash_ex.o" --specs=nano.specs -mfloat-abi=soft -mthumb -o "Drivers/STM32L0xx_HAL_Driver/Src/stm32l0xx_hal_flash_ex.o"
arm-none-eabi-gcc "../Drivers/STM32L0xx_HAL_Driver/Src/stm32l0xx_hal_flash_ramfunc.c" -mcpu=cortex-m0plus -std=gnu11 -g3 -DDEBUG -DUSE_HAL_DRIVER -DSTM32L072xx -c -I../Core/Inc -I../Drivers/STM32L0xx_HAL_Driver/Inc -I../Drivers/STM32L0xx_HAL_Driver/Inc/Legacy -I../Drivers/CMSIS/Device/ST/STM32L0xx/Include -I../Drivers/CMSIS/Include -O0 -ffunction-sections -fdata-sections -Wall -fstack-usage -MMD -MP -MF"Drivers/STM32L0xx_HAL_Driver/Src/stm32l0xx_hal_flash_ramfunc.d" -MT"Drivers/STM32L0xx_HAL_Driver/Src/stm32l0xx_hal_flash_ramfunc.o" --specs=nano.specs -mfloat-abi=soft -mthumb -o "Drivers/STM32L0xx_HAL_Driver/Src/stm32l0xx_hal_flash_ramfunc.o"
arm-none-eabi-gcc "../Drivers/STM32L0xx_HAL_Driver/Src/stm32l0xx_hal_gpio.c" -mcpu=cortex-m0plus -std=gnu11 -g3 -DDEBUG -DUSE_HAL_DRIVER -DSTM32L072xx -c -I../Core/Inc -I../Drivers/STM32L0xx_HAL_Driver/Inc -I../Drivers/STM32L0xx_HAL_Driver/Inc/Legacy -I../Drivers/CMSIS/Device/ST/STM32L0xx/Include -I../Drivers/CMSIS/Include -O0 -ffunction-sections -fdata-sections -Wall -fstack-usage -MMD -MP -MF"Drivers/STM32L0xx_HAL_Driver/Src/stm32l0xx_hal_gpio.d" -MT"Drivers/STM32L0xx_HAL_Driver/Src/stm32l0xx_hal_gpio.o" --specs=nano.specs -mfloat-abi=soft -mthumb -o "Drivers/STM32L0xx_HAL_Driver/Src/stm32l0xx_hal_gpio.o"
arm-none-eabi-gcc "../Drivers/STM32L0xx_HAL_Driver/Src/stm32l0xx_hal_i2c.c" -mcpu=cortex-m0plus -std=gnu11 -g3 -DDEBUG -DUSE_HAL_DRIVER -DSTM32L072xx -c -I../Core/Inc -I../Drivers/STM32L0xx_HAL_Driver/Inc -I../Drivers/STM32L0xx_HAL_Driver/Inc/Legacy -I../Drivers/CMSIS/Device/ST/STM32L0xx/Include -I../Drivers/CMSIS/Include -O0 -ffunction-sections -fdata-sections -Wall -fstack-usage -MMD -MP -MF"Drivers/STM32L0xx_HAL_Driver/Src/stm32l0xx_hal_i2c.d" -MT"Drivers/STM32L0xx_HAL_Driver/Src/stm32l0xx_hal_i2c.o" --specs=nano.specs -mfloat-abi=soft -mthumb -o "Drivers/STM32L0xx_HAL_Driver/Src/stm32l0xx_hal_i2c.o"
arm-none-eabi-gcc "../Drivers/STM32L0xx_HAL_Driver/Src/stm32l0xx_hal_i2c_ex.c" -mcpu=cortex-m0plus -std=gnu11 -g3 -DDEBUG -DUSE_HAL_DRIVER -DSTM32L072xx -c -I../Core/Inc -I../Drivers/STM32L0xx_HAL_Driver/Inc -I../Drivers/STM32L0xx_HAL_Driver/Inc/Legacy -I../Drivers/CMSIS/Device/ST/STM32L0xx/Include -I../Drivers/CMSIS/Include -O0 -ffunction-sections -fdata-sections -Wall -fstack-usage -MMD -MP -MF"Drivers/STM32L0xx_HAL_Driver/Src/stm32l0xx_hal_i2c_ex.d" -MT"Drivers/STM32L0xx_HAL_Driver/Src/stm32l0xx_hal_i2c_ex.o" --specs=nano.specs -mfloat-abi=soft -mthumb -o "Drivers/STM32L0xx_HAL_Driver/Src/stm32l0xx_hal_i2c_ex.o"
arm-none-eabi-gcc "../Drivers/STM32L0xx_HAL_Driver/Src/stm32l0xx_hal_pwr.c" -mcpu=cortex-m0plus -std=gnu11 -g3 -DDEBUG -DUSE_HAL_DRIVER -DSTM32L072xx -c -I../Core/Inc -I../Drivers/STM32L0xx_HAL_Driver/Inc -I../Drivers/STM32L0xx_HAL_Driver/Inc/Legacy -I../Drivers/CMSIS/Device/ST/STM32L0xx/Include -I../Drivers/CMSIS/Include -O0 -ffunction-sections -fdata-sections -Wall -fstack-usage -MMD -MP -MF"Drivers/STM32L0xx_HAL_Driver/Src/stm32l0xx_hal_pwr.d" -MT"Drivers/STM32L0xx_HAL_Driver/Src/stm32l0xx_hal_pwr.o" --specs=nano.specs -mfloat-abi=soft -mthumb -o "Drivers/STM32L0xx_HAL_Driver/Src/stm32l0xx_hal_pwr.o"
arm-none-eabi-gcc "../Drivers/STM32L0xx_HAL_Driver/Src/stm32l0xx_hal_pwr_ex.c" -mcpu=cortex-m0plus -std=gnu11 -g3 -DDEBUG -DUSE_HAL_DRIVER -DSTM32L072xx -c -I../Core/Inc -I../Drivers/STM32L0xx_HAL_Driver/Inc -I../Drivers/STM32L0xx_HAL_Driver/Inc/Legacy -I../Drivers/CMSIS/Device/ST/STM32L0xx/Include -I../Drivers/CMSIS/Include -O0 -ffunction-sections -fdata-sections -Wall -fstack-usage -MMD -MP -MF"Drivers/STM32L0xx_HAL_Driver/Src/stm32l0xx_hal_pwr_ex.d" -MT"Drivers/STM32L0xx_HAL_Driver/Src/stm32l0xx_hal_pwr_ex.o" --specs=nano.specs -mfloat-abi=soft -mthumb -o "Drivers/STM32L0xx_HAL_Driver/Src/stm32l0xx_hal_pwr_ex.o"
arm-none-eabi-gcc "../Drivers/STM32L0xx_HAL_Driver/Src/stm32l0xx_hal_rcc.c" -mcpu=cortex-m0plus -std=gnu11 -g3 -DDEBUG -DUSE_HAL_DRIVER -DSTM32L072xx -c -I../Core/Inc -I../Drivers/STM32L0xx_HAL_Driver/Inc -I../Drivers/STM32L0xx_HAL_Driver/Inc/Legacy -I../Drivers/CMSIS/Device/ST/STM32L0xx/Include -I../Drivers/CMSIS/Include -O0 -ffunction-sections -fdata-sections -Wall -fstack-usage -MMD -MP -MF"Drivers/STM32L0xx_HAL_Driver/Src/stm32l0xx_hal_rcc.d" -MT"Drivers/STM32L0xx_HAL_Driver/Src/stm32l0xx_hal_rcc.o" --specs=nano.specs -mfloat-abi=soft -mthumb -o "Drivers/STM32L0xx_HAL_Driver/Src/stm32l0xx_hal_rcc.o"
arm-none-eabi-gcc "../Drivers/STM32L0xx_HAL_Driver/Src/stm32l0xx_hal_rcc_ex.c" -mcpu=cortex-m0plus -std=gnu11 -g3 -DDEBUG -DUSE_HAL_DRIVER -DSTM32L072xx -c -I../Core/Inc -I../Drivers/STM32L0xx_HAL_Driver/Inc -I../Drivers/STM32L0xx_HAL_Driver/Inc/Legacy -I../Drivers/CMSIS/Device/ST/STM32L0xx/Include -I../Drivers/CMSIS/Include -O0 -ffunction-sections -fdata-sections -Wall -fstack-usage -MMD -MP -MF"Drivers/STM32L0xx_HAL_Driver/Src/stm32l0xx_hal_rcc_ex.d" -MT"Drivers/STM32L0xx_HAL_Driver/Src/stm32l0xx_hal_rcc_ex.o" --specs=nano.specs -mfloat-abi=soft -mthumb -o "Drivers/STM32L0xx_HAL_Driver/Src/stm32l0xx_hal_rcc_ex.o"
arm-none-eabi-gcc "../Drivers/STM32L0xx_HAL_Driver/Src/stm32l0xx_hal_tim.c" -mcpu=cortex-m0plus -std=gnu11 -g3 -DDEBUG -DUSE_HAL_DRIVER -DSTM32L072xx -c -I../Core/Inc -I../Drivers/STM32L0xx_HAL_Driver/Inc -I../Drivers/STM32L0xx_HAL_Driver/Inc/Legacy -I../Drivers/CMSIS/Device/ST/STM32L0xx/Include -I../Drivers/CMSIS/Include -O0 -ffunction-sections -fdata-sections -Wall -fstack-usage -MMD -MP -MF"Drivers/STM32L0xx_HAL_Driver/Src/stm32l0xx_hal_tim.d" -MT"Drivers/STM32L0xx_HAL_Driver/Src/stm32l0xx_hal_tim.o" --specs=nano.specs -mfloat-abi=soft -mthumb -o "Drivers/STM32L0xx_HAL_Driver/Src/stm32l0xx_hal_tim.o"
arm-none-eabi-gcc "../Drivers/STM32L0xx_HAL_Driver/Src/stm32l0xx_hal_tim_ex.c" -mcpu=cortex-m0plus -std=gnu11 -g3 -DDEBUG -DUSE_HAL_DRIVER -DSTM32L072xx -c -I../Core/Inc -I../Drivers/STM32L0xx_HAL_Driver/Inc -I../Drivers/STM32L0xx_HAL_Driver/Inc/Legacy -I../Drivers/CMSIS/Device/ST/STM32L0xx/Include -I../Drivers/CMSIS/Include -O0 -ffunction-sections -fdata-sections -Wall -fstack-usage -MMD -MP -MF"Drivers/STM32L0xx_HAL_Driver/Src/stm32l0xx_hal_tim_ex.d" -MT"Drivers/STM32L0xx_HAL_Driver/Src/stm32l0xx_hal_tim_ex.o" --specs=nano.specs -mfloat-abi=soft -mthumb -o "Drivers/STM32L0xx_HAL_Driver/Src/stm32l0xx_hal_tim_ex.o"
arm-none-eabi-gcc -mcpu=cortex-m0plus -g3 -DDEBUG -c -x assembler-with-cpp -MMD -MP -MF"Core/Startup/startup_stm32l072rbtx.d" -MT"Core/Startup/startup_stm32l072rbtx.o" --specs=nano.specs -mfloat-abi=soft -mthumb -o "Core/Startup/startup_stm32l072rbtx.o" "../Core/Startup/startup_stm32l072rbtx.s"
arm-none-eabi-gcc "../Core/Src/BMP180.c" -mcpu=cortex-m0plus -std=gnu11 -g3 -DDEBUG -DUSE_HAL_DRIVER -DSTM32L072xx -c -I../Core/Inc -I../Drivers/STM32L0xx_HAL_Driver/Inc -I../Drivers/STM32L0xx_HAL_Driver/Inc/Legacy -I../Drivers/CMSIS/Device/ST/STM32L0xx/Include -I../Drivers/CMSIS/Include -O0 -ffunction-sections -fdata-sections -Wall -fstack-usage -MMD -MP -MF"Core/Src/BMP180.d" -MT"Core/Src/BMP180.o" --specs=nano.specs -mfloat-abi=soft -mthumb -o "Core/Src/BMP180.o"
arm-none-eabi-gcc "../Core/Src/DHT22.c" -mcpu=cortex-m0plus -std=gnu11 -g3 -DDEBUG -DUSE_HAL_DRIVER -DSTM32L072xx -c -I../Core/Inc -I../Drivers/STM32L0xx_HAL_Driver/Inc -I../Drivers/STM32L0xx_HAL_Driver/Inc/Legacy -I../Drivers/CMSIS/Device/ST/STM32L0xx/Include -I../Drivers/CMSIS/Include -O0 -ffunction-sections -fdata-sections -Wall -fstack-usage -MMD -MP -MF"Core/Src/DHT22.d" -MT"Core/Src/DHT22.o" --specs=nano.specs -mfloat-abi=soft -mthumb -o "Core/Src/DHT22.o"
arm-none-eabi-gcc "../Core/Src/DS18B20.c" -mcpu=cortex-m0plus -std=gnu11 -g3 -DDEBUG -DUSE_HAL_DRIVER -DSTM32L072xx -c -I../Core/Inc -I../Drivers/STM32L0xx_HAL_Driver/Inc -I../Drivers/STM32L0xx_HAL_Driver/Inc/Legacy -I../Drivers/CMSIS/Device/ST/STM32L0xx/Include -I../Drivers/CMSIS/Include -O0 -ffunction-sections -fdata-sections -Wall -fstack-usage -MMD -MP -MF"Core/Src/DS18B20.d" -MT"Core/Src/DS18B20.o" --specs=nano.specs -mfloat-abi=soft -mthumb -o "Core/Src/DS18B20.o"
arm-none-eabi-gcc "../Core/Src/delay.c" -mcpu=cortex-m0plus -std=gnu11 -g3 -DDEBUG -DUSE_HAL_DRIVER -DSTM32L072xx -c -I../Core/Inc -I../Drivers/STM32L0xx_HAL_Driver/Inc -I../Drivers/STM32L0xx_HAL_Driver/Inc/Legacy -I../Drivers/CMSIS/Device/ST/STM32L0xx/Include -I../Drivers/CMSIS/Include -O0 -ffunction-sections -fdata-sections -Wall -fstack-usage -MMD -MP -MF"Core/Src/delay.d" -MT"Core/Src/delay.o" --specs=nano.specs -mfloat-abi=soft -mthumb -o "Core/Src/delay.o"
arm-none-eabi-gcc "../Core/Src/main.c" -mcpu=cortex-m0plus -std=gnu11 -g3 -DDEBUG -DUSE_HAL_DRIVER -DSTM32L072xx -c -I../Core/Inc -I../Drivers/STM32L0xx_HAL_Driver/Inc -I../Drivers/STM32L0xx_HAL_Driver/Inc/Legacy -I../Drivers/CMSIS/Device/ST/STM32L0xx/Include -I../Drivers/CMSIS/Include -O0 -ffunction-sections -fdata-sections -Wall -fstack-usage -MMD -MP -MF"Core/Src/main.d" -MT"Core/Src/main.o" --specs=nano.specs -mfloat-abi=soft -mthumb -o "Core/Src/main.o"
arm-none-eabi-gcc "../Core/Src/stm32l0xx_hal_msp.c" -mcpu=cortex-m0plus -std=gnu11 -g3 -DDEBUG -DUSE_HAL_DRIVER -DSTM32L072xx -c -I../Core/Inc -I../Drivers/STM32L0xx_HAL_Driver/Inc -I../Drivers/STM32L0xx_HAL_Driver/Inc/Legacy -I../Drivers/CMSIS/Device/ST/STM32L0xx/Include -I../Drivers/CMSIS/Include -O0 -ffunction-sections -fdata-sections -Wall -fstack-usage -MMD -MP -MF"Core/Src/stm32l0xx_hal_msp.d" -MT"Core/Src/stm32l0xx_hal_msp.o" --specs=nano.specs -mfloat-abi=soft -mthumb -o "Core/Src/stm32l0xx_hal_msp.o"
arm-none-eabi-gcc "../Core/Src/stm32l0xx_it.c" -mcpu=cortex-m0plus -std=gnu11 -g3 -DDEBUG -DUSE_HAL_DRIVER -DSTM32L072xx -c -I../Core/Inc -I../Drivers/STM32L0xx_HAL_Driver/Inc -I../Drivers/STM32L0xx_HAL_Driver/Inc/Legacy -I../Drivers/CMSIS/Device/ST/STM32L0xx/Include -I../Drivers/CMSIS/Include -O0 -ffunction-sections -fdata-sections -Wall -fstack-usage -MMD -MP -MF"Core/Src/stm32l0xx_it.d" -MT"Core/Src/stm32l0xx_it.o" --specs=nano.specs -mfloat-abi=soft -mthumb -o "Core/Src/stm32l0xx_it.o"
arm-none-eabi-gcc "../Core/Src/syscalls.c" -mcpu=cortex-m0plus -std=gnu11 -g3 -DDEBUG -DUSE_HAL_DRIVER -DSTM32L072xx -c -I../Core/Inc -I../Drivers/STM32L0xx_HAL_Driver/Inc -I../Drivers/STM32L0xx_HAL_Driver/Inc/Legacy -I../Drivers/CMSIS/Device/ST/STM32L0xx/Include -I../Drivers/CMSIS/Include -O0 -ffunction-sections -fdata-sections -Wall -fstack-usage -MMD -MP -MF"Core/Src/syscalls.d" -MT"Core/Src/syscalls.o" --specs=nano.specs -mfloat-abi=soft -mthumb -o "Core/Src/syscalls.o"
arm-none-eabi-gcc "../Core/Src/sysmem.c" -mcpu=cortex-m0plus -std=gnu11 -g3 -DDEBUG -DUSE_HAL_DRIVER -DSTM32L072xx -c -I../Core/Inc -I../Drivers/STM32L0xx_HAL_Driver/Inc -I../Drivers/STM32L0xx_HAL_Driver/Inc/Legacy -I../Drivers/CMSIS/Device/ST/STM32L0xx/Include -I../Drivers/CMSIS/Include -O0 -ffunction-sections -fdata-sections -Wall -fstack-usage -MMD -MP -MF"Core/Src/sysmem.d" -MT"Core/Src/sysmem.o" --specs=nano.specs -mfloat-abi=soft -mthumb -o "Core/Src/sysmem.o"
arm-none-eabi-gcc "../Core/Src/system_stm32l0xx.c" -mcpu=cortex-m0plus -std=gnu11 -g3 -DDEBUG -DUSE_HAL_DRIVER -DSTM32L072xx -c -I../Core/Inc -I../Drivers/STM32L0xx_HAL_Driver/Inc -I../Drivers/STM32L0xx_HAL_Driver/Inc/Legacy -I../Drivers/CMSIS/Device/ST/STM32L0xx/Include -I../Drivers/CMSIS/Include -O0 -ffunction-sections -fdata-sections -Wall -fstack-usage -MMD -MP -MF"Core/Src/system_stm32l0xx.d" -MT"Core/Src/system_stm32l0xx.o" --specs=nano.specs -mfloat-abi=soft -mthumb -o "Core/Src/system_stm32l0xx.o"
../Core/Src/main.c: In function 'main':
../Core/Src/main.c:195:4: error: 'sConfig' undeclared (first use in this function)
  195 |    sConfig.Channel = ADC_CHANNEL_13;
      |    ^~~~~~~
../Core/Src/main.c:195:4: note: each undeclared identifier is reported only once for each function it appears in
../Core/Src/main.c:94:12: warning: variable 'moisture' set but not used [-Wunused-but-set-variable]
   94 |  uint16_t  moisture = 0;
      |            ^~~~~~~~
../Core/Src/main.c:92:8: warning: unused variable 'voltage' [-Wunused-variable]
   92 |  float voltage;
      |        ^~~~~~~
../Core/Src/main.c:91:11: warning: unused variable 'light' [-Wunused-variable]
   91 |  uint16_t light = 0;
      |           ^~~~~
../Core/Src/main.c:89:8: warning: unused variable 'internalTemp' [-Wunused-variable]
   89 |  float internalTemp = 0;
      |        ^~~~~~~~~~~~
../Core/Src/main.c:88:11: warning: unused variable 'DS18B20_T' [-Wunused-variable]
   88 |  uint16_t DS18B20_T;
      |           ^~~~~~~~~
../Core/Src/main.c:87:25: warning: unused variable 'DS18B20_Temp2' [-Wunused-variable]
   87 |  uint8_t DS18B20_Temp1, DS18B20_Temp2;
      |                         ^~~~~~~~~~~~~
../Core/Src/main.c:87:10: warning: unused variable 'DS18B20_Temp1' [-Wunused-variable]
   87 |  uint8_t DS18B20_Temp1, DS18B20_Temp2;
      |          ^~~~~~~~~~~~~
../Core/Src/main.c:85:22: warning: unused variable 'sum' [-Wunused-variable]
   85 |  uint16_t temp, hum, sum;
      |                      ^~~
../Core/Src/main.c:85:17: warning: unused variable 'hum' [-Wunused-variable]
   85 |  uint16_t temp, hum, sum;
      |                 ^~~
../Core/Src/main.c:85:11: warning: unused variable 'temp' [-Wunused-variable]
   85 |  uint16_t temp, hum, sum;
      |           ^~~~
../Core/Src/main.c:84:26: warning: unused variable 'p' [-Wunused-variable]
   84 |  uint8_t t1, t2, h1, h2, p;
      |                          ^
../Core/Src/main.c:84:22: warning: unused variable 'h2' [-Wunused-variable]
   84 |  uint8_t t1, t2, h1, h2, p;
      |                      ^~
../Core/Src/main.c:84:18: warning: unused variable 'h1' [-Wunused-variable]
   84 |  uint8_t t1, t2, h1, h2, p;
      |                  ^~
../Core/Src/main.c:84:14: warning: unused variable 't2' [-Wunused-variable]
   84 |  uint8_t t1, t2, h1, h2, p;
      |              ^~
../Core/Src/main.c:84:10: warning: unused variable 't1' [-Wunused-variable]
   84 |  uint8_t t1, t2, h1, h2, p;
      |          ^~
../Core/Src/main.c:82:27: warning: unused variable 'BMP_Pressure' [-Wunused-variable]
   82 |  float BMP_Temp, BMP_Alt, BMP_Pressure;
      |                           ^~~~~~~~~~~~
../Core/Src/main.c:82:18: warning: unused variable 'BMP_Alt' [-Wunused-variable]
   82 |  float BMP_Temp, BMP_Alt, BMP_Pressure;
      |                  ^~~~~~~
../Core/Src/main.c:82:8: warning: unused variable 'BMP_Temp' [-Wunused-variable]
   82 |  float BMP_Temp, BMP_Alt, BMP_Pressure;
      |        ^~~~~~~~
../Core/Src/main.c:81:8: warning: unused variable 'DHT_Hum' [-Wunused-variable]
   81 |  float DHT_Hum = 0;
      |        ^~~~~~~
../Core/Src/main.c:80:8: warning: unused variable 'DHT_Temp' [-Wunused-variable]
   80 |  float DHT_Temp = 0;
      |        ^~~~~~~~
make: *** [Core/Src/subdir.mk:46: Core/Src/main.o] Error 1
make: *** Waiting for unfinished jobs....
"make -j16 all" terminated with exit code 2. Build might be incomplete.
19:25:50 **** Incremental Build of configuration Debug for project PCB_sensor testing ****
make -j16 all 
arm-none-eabi-gcc "../Core/Src/main.c" -mcpu=cortex-m0plus -std=gnu11 -g3 -DDEBUG -DUSE_HAL_DRIVER -DSTM32L072xx -c -I../Core/Inc -I../Drivers/STM32L0xx_HAL_Driver/Inc -I../Drivers/STM32L0xx_HAL_Driver/Inc/Legacy -I../Drivers/CMSIS/Device/ST/STM32L0xx/Include -I../Drivers/CMSIS/Include -O0 -ffunction-sections -fdata-sections -Wall -fstack-usage -MMD -MP -MF"Core/Src/main.d" -MT"Core/Src/main.o" --specs=nano.specs -mfloat-abi=soft -mthumb -o "Core/Src/main.o"
../Core/Src/main.c: In function 'main':
../Core/Src/main.c:195:4: error: 'sConfig' undeclared (first use in this function)
  195 |    sConfig.Channel = ADC_CHANNEL_13;
      |    ^~~~~~~
../Core/Src/main.c:195:4: note: each undeclared identifier is reported only once for each function it appears in
../Core/Src/main.c:94:12: warning: variable 'moisture' set but not used [-Wunused-but-set-variable]
   94 |  uint16_t  moisture = 0;
      |            ^~~~~~~~
../Core/Src/main.c:92:8: warning: unused variable 'voltage' [-Wunused-variable]
   92 |  float voltage;
      |        ^~~~~~~
../Core/Src/main.c:91:11: warning: unused variable 'light' [-Wunused-variable]
   91 |  uint16_t light = 0;
      |           ^~~~~
../Core/Src/main.c:89:8: warning: unused variable 'internalTemp' [-Wunused-variable]
   89 |  float internalTemp = 0;
      |        ^~~~~~~~~~~~
../Core/Src/main.c:88:11: warning: unused variable 'DS18B20_T' [-Wunused-variable]
   88 |  uint16_t DS18B20_T;
      |           ^~~~~~~~~
../Core/Src/main.c:87:25: warning: unused variable 'DS18B20_Temp2' [-Wunused-variable]
   87 |  uint8_t DS18B20_Temp1, DS18B20_Temp2;
      |                         ^~~~~~~~~~~~~
../Core/Src/main.c:87:10: warning: unused variable 'DS18B20_Temp1' [-Wunused-variable]
   87 |  uint8_t DS18B20_Temp1, DS18B20_Temp2;
      |          ^~~~~~~~~~~~~
../Core/Src/main.c:85:22: warning: unused variable 'sum' [-Wunused-variable]
   85 |  uint16_t temp, hum, sum;
      |                      ^~~
../Core/Src/main.c:85:17: warning: unused variable 'hum' [-Wunused-variable]
   85 |  uint16_t temp, hum, sum;
      |                 ^~~
../Core/Src/main.c:85:11: warning: unused variable 'temp' [-Wunused-variable]
   85 |  uint16_t temp, hum, sum;
      |           ^~~~
../Core/Src/main.c:84:26: warning: unused variable 'p' [-Wunused-variable]
   84 |  uint8_t t1, t2, h1, h2, p;
      |                          ^
../Core/Src/main.c:84:22: warning: unused variable 'h2' [-Wunused-variable]
   84 |  uint8_t t1, t2, h1, h2, p;
      |                      ^~
../Core/Src/main.c:84:18: warning: unused variable 'h1' [-Wunused-variable]
   84 |  uint8_t t1, t2, h1, h2, p;
      |                  ^~
../Core/Src/main.c:84:14: warning: unused variable 't2' [-Wunused-variable]
   84 |  uint8_t t1, t2, h1, h2, p;
      |              ^~
../Core/Src/main.c:84:10: warning: unused variable 't1' [-Wunused-variable]
   84 |  uint8_t t1, t2, h1, h2, p;
      |          ^~
../Core/Src/main.c:82:27: warning: unused variable 'BMP_Pressure' [-Wunused-variable]
   82 |  float BMP_Temp, BMP_Alt, BMP_Pressure;
      |                           ^~~~~~~~~~~~
../Core/Src/main.c:82:18: warning: unused variable 'BMP_Alt' [-Wunused-variable]
   82 |  float BMP_Temp, BMP_Alt, BMP_Pressure;
      |                  ^~~~~~~
../Core/Src/main.c:82:8: warning: unused variable 'BMP_Temp' [-Wunused-variable]
   82 |  float BMP_Temp, BMP_Alt, BMP_Pressure;
      |        ^~~~~~~~
../Core/Src/main.c:81:8: warning: unused variable 'DHT_Hum' [-Wunused-variable]
   81 |  float DHT_Hum = 0;
      |        ^~~~~~~
../Core/Src/main.c:80:8: warning: unused variable 'DHT_Temp' [-Wunused-variable]
   80 |  float DHT_Temp = 0;
      |        ^~~~~~~~
make: *** [Core/Src/subdir.mk:46: Core/Src/main.o] Error 1
"make -j16 all" terminated with exit code 2. Build might be incomplete.
19:26:14 **** Incremental Build of configuration Debug for project PCB_sensor testing ****
make -j16 all 
arm-none-eabi-gcc "../Core/Src/main.c" -mcpu=cortex-m0plus -std=gnu11 -g3 -DDEBUG -DUSE_HAL_DRIVER -DSTM32L072xx -c -I../Core/Inc -I../Drivers/STM32L0xx_HAL_Driver/Inc -I../Drivers/STM32L0xx_HAL_Driver/Inc/Legacy -I../Drivers/CMSIS/Device/ST/STM32L0xx/Include -I../Drivers/CMSIS/Include -O0 -ffunction-sections -fdata-sections -Wall -fstack-usage -MMD -MP -MF"Core/Src/main.d" -MT"Core/Src/main.o" --specs=nano.specs -mfloat-abi=soft -mthumb -o "Core/Src/main.o"
../Core/Src/main.c: In function 'main':
../Core/Src/main.c:94:12: warning: variable 'moisture' set but not used [-Wunused-but-set-variable]
   94 |  uint16_t  moisture = 0;
      |            ^~~~~~~~
../Core/Src/main.c:92:8: warning: unused variable 'voltage' [-Wunused-variable]
   92 |  float voltage;
      |        ^~~~~~~
../Core/Src/main.c:91:11: warning: unused variable 'light' [-Wunused-variable]
   91 |  uint16_t light = 0;
      |           ^~~~~
../Core/Src/main.c:89:8: warning: unused variable 'internalTemp' [-Wunused-variable]
   89 |  float internalTemp = 0;
      |        ^~~~~~~~~~~~
../Core/Src/main.c:88:11: warning: unused variable 'DS18B20_T' [-Wunused-variable]
   88 |  uint16_t DS18B20_T;
      |           ^~~~~~~~~
../Core/Src/main.c:87:25: warning: unused variable 'DS18B20_Temp2' [-Wunused-variable]
   87 |  uint8_t DS18B20_Temp1, DS18B20_Temp2;
      |                         ^~~~~~~~~~~~~
../Core/Src/main.c:87:10: warning: unused variable 'DS18B20_Temp1' [-Wunused-variable]
   87 |  uint8_t DS18B20_Temp1, DS18B20_Temp2;
      |          ^~~~~~~~~~~~~
../Core/Src/main.c:85:22: warning: unused variable 'sum' [-Wunused-variable]
   85 |  uint16_t temp, hum, sum;
      |                      ^~~
../Core/Src/main.c:85:17: warning: unused variable 'hum' [-Wunused-variable]
   85 |  uint16_t temp, hum, sum;
      |                 ^~~
../Core/Src/main.c:85:11: warning: unused variable 'temp' [-Wunused-variable]
   85 |  uint16_t temp, hum, sum;
      |           ^~~~
../Core/Src/main.c:84:26: warning: unused variable 'p' [-Wunused-variable]
   84 |  uint8_t t1, t2, h1, h2, p;
      |                          ^
../Core/Src/main.c:84:22: warning: unused variable 'h2' [-Wunused-variable]
   84 |  uint8_t t1, t2, h1, h2, p;
      |                      ^~
../Core/Src/main.c:84:18: warning: unused variable 'h1' [-Wunused-variable]
   84 |  uint8_t t1, t2, h1, h2, p;
      |                  ^~
../Core/Src/main.c:84:14: warning: unused variable 't2' [-Wunused-variable]
   84 |  uint8_t t1, t2, h1, h2, p;
      |              ^~
../Core/Src/main.c:84:10: warning: unused variable 't1' [-Wunused-variable]
   84 |  uint8_t t1, t2, h1, h2, p;
      |          ^~
../Core/Src/main.c:82:27: warning: unused variable 'BMP_Pressure' [-Wunused-variable]
   82 |  float BMP_Temp, BMP_Alt, BMP_Pressure;
      |                           ^~~~~~~~~~~~
../Core/Src/main.c:82:18: warning: unused variable 'BMP_Alt' [-Wunused-variable]
   82 |  float BMP_Temp, BMP_Alt, BMP_Pressure;
      |                  ^~~~~~~
../Core/Src/main.c:82:8: warning: unused variable 'BMP_Temp' [-Wunused-variable]
   82 |  float BMP_Temp, BMP_Alt, BMP_Pressure;
      |        ^~~~~~~~
../Core/Src/main.c:81:8: warning: unused variable 'DHT_Hum' [-Wunused-variable]
   81 |  float DHT_Hum = 0;
      |        ^~~~~~~
../Core/Src/main.c:80:8: warning: unused variable 'DHT_Temp' [-Wunused-variable]
   80 |  float DHT_Temp = 0;
      |        ^~~~~~~~
arm-none-eabi-gcc -o "PCB_sensor testing.elf" @"objects.list"   -mcpu=cortex-m0plus -T"C:\Users\Ming\Documents\GitHub\Gem\Code_STM32CubeIDE\PCB_sensor testing\STM32L072RBTX_FLASH.ld" --specs=nosys.specs -Wl,-Map="PCB_sensor testing.map" -Wl,--gc-sections -static --specs=nano.specs -mfloat-abi=soft -mthumb -Wl,--start-group -lc -lm -Wl,--end-group
Finished building target: PCB_sensor testing.elf
 
arm-none-eabi-size   PCB_sensor\ testing.elf 
arm-none-eabi-objdump -h -S  PCB_sensor\ testing.elf  > "PCB_sensor testing.list"
   text	   data	    bss	    dec	    hex	filename
  13756	     20	   1828	  15604	   3cf4	PCB_sensor testing.elf
Finished building: default.size.stdout
 
Finished building: PCB_sensor testing.list
 
19:26:22 **** Incremental Build of configuration Debug for project PCB_sensor testing ****
make -j16 all 
arm-none-eabi-size   PCB_sensor\ testing.elf 
   text	   data	    bss	    dec	    hex	filename
  13756	     20	   1828	  15604	   3cf4	PCB_sensor testing.elf
Finished building: default.size.stdout
 
19:29:53 **** Incremental Build of configuration Debug for project PCB_sensor testing ****
make -j16 all 
arm-none-eabi-gcc "../Core/Src/main.c" -mcpu=cortex-m0plus -std=gnu11 -g3 -DDEBUG -DUSE_HAL_DRIVER -DSTM32L072xx -c -I../Core/Inc -I../Drivers/STM32L0xx_HAL_Driver/Inc -I../Drivers/STM32L0xx_HAL_Driver/Inc/Legacy -I../Drivers/CMSIS/Device/ST/STM32L0xx/Include -I../Drivers/CMSIS/Include -O0 -ffunction-sections -fdata-sections -Wall -fstack-usage -MMD -MP -MF"Core/Src/main.d" -MT"Core/Src/main.o" --specs=nano.specs -mfloat-abi=soft -mthumb -o "Core/Src/main.o"
../Core/Src/main.c: In function 'main':
../Core/Src/main.c:94:12: warning: variable 'moisture' set but not used [-Wunused-but-set-variable]
   94 |  uint16_t  moisture = 0;
      |            ^~~~~~~~
../Core/Src/main.c:92:8: warning: unused variable 'voltage' [-Wunused-variable]
   92 |  float voltage;
      |        ^~~~~~~
../Core/Src/main.c:91:11: warning: unused variable 'light' [-Wunused-variable]
   91 |  uint16_t light = 0;
      |           ^~~~~
../Core/Src/main.c:89:8: warning: unused variable 'internalTemp' [-Wunused-variable]
   89 |  float internalTemp = 0;
      |        ^~~~~~~~~~~~
../Core/Src/main.c:88:11: warning: unused variable 'DS18B20_T' [-Wunused-variable]
   88 |  uint16_t DS18B20_T;
      |           ^~~~~~~~~
../Core/Src/main.c:87:25: warning: unused variable 'DS18B20_Temp2' [-Wunused-variable]
   87 |  uint8_t DS18B20_Temp1, DS18B20_Temp2;
      |                         ^~~~~~~~~~~~~
../Core/Src/main.c:87:10: warning: unused variable 'DS18B20_Temp1' [-Wunused-variable]
   87 |  uint8_t DS18B20_Temp1, DS18B20_Temp2;
      |          ^~~~~~~~~~~~~
../Core/Src/main.c:85:22: warning: unused variable 'sum' [-Wunused-variable]
   85 |  uint16_t temp, hum, sum;
      |                      ^~~
../Core/Src/main.c:85:17: warning: unused variable 'hum' [-Wunused-variable]
   85 |  uint16_t temp, hum, sum;
      |                 ^~~
../Core/Src/main.c:85:11: warning: unused variable 'temp' [-Wunused-variable]
   85 |  uint16_t temp, hum, sum;
      |           ^~~~
../Core/Src/main.c:84:26: warning: unused variable 'p' [-Wunused-variable]
   84 |  uint8_t t1, t2, h1, h2, p;
      |                          ^
../Core/Src/main.c:84:22: warning: unused variable 'h2' [-Wunused-variable]
   84 |  uint8_t t1, t2, h1, h2, p;
      |                      ^~
../Core/Src/main.c:84:18: warning: unused variable 'h1' [-Wunused-variable]
   84 |  uint8_t t1, t2, h1, h2, p;
      |                  ^~
../Core/Src/main.c:84:14: warning: unused variable 't2' [-Wunused-variable]
   84 |  uint8_t t1, t2, h1, h2, p;
      |              ^~
../Core/Src/main.c:84:10: warning: unused variable 't1' [-Wunused-variable]
   84 |  uint8_t t1, t2, h1, h2, p;
      |          ^~
../Core/Src/main.c:82:27: warning: unused variable 'BMP_Pressure' [-Wunused-variable]
   82 |  float BMP_Temp, BMP_Alt, BMP_Pressure;
      |                           ^~~~~~~~~~~~
../Core/Src/main.c:82:18: warning: unused variable 'BMP_Alt' [-Wunused-variable]
   82 |  float BMP_Temp, BMP_Alt, BMP_Pressure;
      |                  ^~~~~~~
../Core/Src/main.c:82:8: warning: unused variable 'BMP_Temp' [-Wunused-variable]
   82 |  float BMP_Temp, BMP_Alt, BMP_Pressure;
      |        ^~~~~~~~
../Core/Src/main.c:81:8: warning: unused variable 'DHT_Hum' [-Wunused-variable]
   81 |  float DHT_Hum = 0;
      |        ^~~~~~~
../Core/Src/main.c:80:8: warning: unused variable 'DHT_Temp' [-Wunused-variable]
   80 |  float DHT_Temp = 0;
      |        ^~~~~~~~
arm-none-eabi-gcc -o "PCB_sensor testing.elf" @"objects.list"   -mcpu=cortex-m0plus -T"C:\Users\Ming\Documents\GitHub\Gem\Code_STM32CubeIDE\PCB_sensor testing\STM32L072RBTX_FLASH.ld" --specs=nosys.specs -Wl,-Map="PCB_sensor testing.map" -Wl,--gc-sections -static --specs=nano.specs -mfloat-abi=soft -mthumb -Wl,--start-group -lc -lm -Wl,--end-group
Finished building target: PCB_sensor testing.elf
 
arm-none-eabi-size   PCB_sensor\ testing.elf 
arm-none-eabi-objdump -h -S  PCB_sensor\ testing.elf  > "PCB_sensor testing.list"
   text	   data	    bss	    dec	    hex	filename
  13840	     20	   1828	  15688	   3d48	PCB_sensor testing.elf
Finished building: default.size.stdout
 
Finished building: PCB_sensor testing.list
 
19:31:23 **** Incremental Build of configuration Debug for project PCB_sensor testing ****
make -j16 all 
arm-none-eabi-gcc "../Core/Src/main.c" -mcpu=cortex-m0plus -std=gnu11 -g3 -DDEBUG -DUSE_HAL_DRIVER -DSTM32L072xx -c -I../Core/Inc -I../Drivers/STM32L0xx_HAL_Driver/Inc -I../Drivers/STM32L0xx_HAL_Driver/Inc/Legacy -I../Drivers/CMSIS/Device/ST/STM32L0xx/Include -I../Drivers/CMSIS/Include -O0 -ffunction-sections -fdata-sections -Wall -fstack-usage -MMD -MP -MF"Core/Src/main.d" -MT"Core/Src/main.o" --specs=nano.specs -mfloat-abi=soft -mthumb -o "Core/Src/main.o"
../Core/Src/main.c: In function 'main':
../Core/Src/main.c:94:12: warning: variable 'moisture' set but not used [-Wunused-but-set-variable]
   94 |  uint16_t  moisture = 0;
      |            ^~~~~~~~
../Core/Src/main.c:92:8: warning: unused variable 'voltage' [-Wunused-variable]
   92 |  float voltage;
      |        ^~~~~~~
../Core/Src/main.c:91:11: warning: unused variable 'light' [-Wunused-variable]
   91 |  uint16_t light = 0;
      |           ^~~~~
../Core/Src/main.c:89:8: warning: unused variable 'internalTemp' [-Wunused-variable]
   89 |  float internalTemp = 0;
      |        ^~~~~~~~~~~~
../Core/Src/main.c:88:11: warning: unused variable 'DS18B20_T' [-Wunused-variable]
   88 |  uint16_t DS18B20_T;
      |           ^~~~~~~~~
../Core/Src/main.c:87:25: warning: unused variable 'DS18B20_Temp2' [-Wunused-variable]
   87 |  uint8_t DS18B20_Temp1, DS18B20_Temp2;
      |                         ^~~~~~~~~~~~~
../Core/Src/main.c:87:10: warning: unused variable 'DS18B20_Temp1' [-Wunused-variable]
   87 |  uint8_t DS18B20_Temp1, DS18B20_Temp2;
      |          ^~~~~~~~~~~~~
../Core/Src/main.c:85:22: warning: unused variable 'sum' [-Wunused-variable]
   85 |  uint16_t temp, hum, sum;
      |                      ^~~
../Core/Src/main.c:85:17: warning: unused variable 'hum' [-Wunused-variable]
   85 |  uint16_t temp, hum, sum;
      |                 ^~~
../Core/Src/main.c:85:11: warning: unused variable 'temp' [-Wunused-variable]
   85 |  uint16_t temp, hum, sum;
      |           ^~~~
../Core/Src/main.c:84:26: warning: unused variable 'p' [-Wunused-variable]
   84 |  uint8_t t1, t2, h1, h2, p;
      |                          ^
../Core/Src/main.c:84:22: warning: unused variable 'h2' [-Wunused-variable]
   84 |  uint8_t t1, t2, h1, h2, p;
      |                      ^~
../Core/Src/main.c:84:18: warning: unused variable 'h1' [-Wunused-variable]
   84 |  uint8_t t1, t2, h1, h2, p;
      |                  ^~
../Core/Src/main.c:84:14: warning: unused variable 't2' [-Wunused-variable]
   84 |  uint8_t t1, t2, h1, h2, p;
      |              ^~
../Core/Src/main.c:84:10: warning: unused variable 't1' [-Wunused-variable]
   84 |  uint8_t t1, t2, h1, h2, p;
      |          ^~
../Core/Src/main.c:82:27: warning: unused variable 'BMP_Pressure' [-Wunused-variable]
   82 |  float BMP_Temp, BMP_Alt, BMP_Pressure;
      |                           ^~~~~~~~~~~~
../Core/Src/main.c:82:18: warning: unused variable 'BMP_Alt' [-Wunused-variable]
   82 |  float BMP_Temp, BMP_Alt, BMP_Pressure;
      |                  ^~~~~~~
../Core/Src/main.c:82:8: warning: unused variable 'BMP_Temp' [-Wunused-variable]
   82 |  float BMP_Temp, BMP_Alt, BMP_Pressure;
      |        ^~~~~~~~
../Core/Src/main.c:81:8: warning: unused variable 'DHT_Hum' [-Wunused-variable]
   81 |  float DHT_Hum = 0;
      |        ^~~~~~~
../Core/Src/main.c:80:8: warning: unused variable 'DHT_Temp' [-Wunused-variable]
   80 |  float DHT_Temp = 0;
      |        ^~~~~~~~
arm-none-eabi-gcc -o "PCB_sensor testing.elf" @"objects.list"   -mcpu=cortex-m0plus -T"C:\Users\Ming\Documents\GitHub\Gem\Code_STM32CubeIDE\PCB_sensor testing\STM32L072RBTX_FLASH.ld" --specs=nosys.specs -Wl,-Map="PCB_sensor testing.map" -Wl,--gc-sections -static --specs=nano.specs -mfloat-abi=soft -mthumb -Wl,--start-group -lc -lm -Wl,--end-group
Finished building target: PCB_sensor testing.elf
 
arm-none-eabi-size   PCB_sensor\ testing.elf 
arm-none-eabi-objdump -h -S  PCB_sensor\ testing.elf  > "PCB_sensor testing.list"
   text	   data	    bss	    dec	    hex	filename
  11868	     20	   1804	  13692	   357c	PCB_sensor testing.elf
Finished building: default.size.stdout
 
Finished building: PCB_sensor testing.list
 
19:32:52 **** Incremental Build of configuration Debug for project PCB_sensor testing ****
make -j16 all 
arm-none-eabi-size   PCB_sensor\ testing.elf 
   text	   data	    bss	    dec	    hex	filename
  11868	     20	   1804	  13692	   357c	PCB_sensor testing.elf
Finished building: default.size.stdout
 
19:32:57 **** Incremental Build of configuration Debug for project PCB_sensor testing ****
make -j16 all 
arm-none-eabi-size   PCB_sensor\ testing.elf 
   text	   data	    bss	    dec	    hex	filename
  11868	     20	   1804	  13692	   357c	PCB_sensor testing.elf
Finished building: default.size.stdout
 
19:42:54 **** Incremental Build of configuration Debug for project PCB_sensor testing ****
make -j16 all 
arm-none-eabi-gcc "../Core/Src/main.c" -mcpu=cortex-m0plus -std=gnu11 -g3 -DDEBUG -DUSE_HAL_DRIVER -DSTM32L072xx -c -I../Core/Inc -I../Drivers/STM32L0xx_HAL_Driver/Inc -I../Drivers/STM32L0xx_HAL_Driver/Inc/Legacy -I../Drivers/CMSIS/Device/ST/STM32L0xx/Include -I../Drivers/CMSIS/Include -O0 -ffunction-sections -fdata-sections -Wall -fstack-usage -MMD -MP -MF"Core/Src/main.d" -MT"Core/Src/main.o" --specs=nano.specs -mfloat-abi=soft -mthumb -o "Core/Src/main.o"
../Core/Src/main.c: In function 'main':
../Core/Src/main.c:94:12: warning: variable 'moisture' set but not used [-Wunused-but-set-variable]
   94 |  uint16_t  moisture = 0;
      |            ^~~~~~~~
../Core/Src/main.c:92:8: warning: unused variable 'voltage' [-Wunused-variable]
   92 |  float voltage;
      |        ^~~~~~~
../Core/Src/main.c:91:11: warning: unused variable 'light' [-Wunused-variable]
   91 |  uint16_t light = 0;
      |           ^~~~~
../Core/Src/main.c:89:8: warning: unused variable 'internalTemp' [-Wunused-variable]
   89 |  float internalTemp = 0;
      |        ^~~~~~~~~~~~
../Core/Src/main.c:88:11: warning: unused variable 'DS18B20_T' [-Wunused-variable]
   88 |  uint16_t DS18B20_T;
      |           ^~~~~~~~~
../Core/Src/main.c:87:25: warning: unused variable 'DS18B20_Temp2' [-Wunused-variable]
   87 |  uint8_t DS18B20_Temp1, DS18B20_Temp2;
      |                         ^~~~~~~~~~~~~
../Core/Src/main.c:87:10: warning: unused variable 'DS18B20_Temp1' [-Wunused-variable]
   87 |  uint8_t DS18B20_Temp1, DS18B20_Temp2;
      |          ^~~~~~~~~~~~~
../Core/Src/main.c:85:22: warning: unused variable 'sum' [-Wunused-variable]
   85 |  uint16_t temp, hum, sum;
      |                      ^~~
../Core/Src/main.c:85:17: warning: unused variable 'hum' [-Wunused-variable]
   85 |  uint16_t temp, hum, sum;
      |                 ^~~
../Core/Src/main.c:85:11: warning: unused variable 'temp' [-Wunused-variable]
   85 |  uint16_t temp, hum, sum;
      |           ^~~~
../Core/Src/main.c:84:26: warning: unused variable 'p' [-Wunused-variable]
   84 |  uint8_t t1, t2, h1, h2, p;
      |                          ^
../Core/Src/main.c:84:22: warning: unused variable 'h2' [-Wunused-variable]
   84 |  uint8_t t1, t2, h1, h2, p;
      |                      ^~
../Core/Src/main.c:84:18: warning: unused variable 'h1' [-Wunused-variable]
   84 |  uint8_t t1, t2, h1, h2, p;
      |                  ^~
../Core/Src/main.c:84:14: warning: unused variable 't2' [-Wunused-variable]
   84 |  uint8_t t1, t2, h1, h2, p;
      |              ^~
../Core/Src/main.c:84:10: warning: unused variable 't1' [-Wunused-variable]
   84 |  uint8_t t1, t2, h1, h2, p;
      |          ^~
../Core/Src/main.c:82:27: warning: unused variable 'BMP_Pressure' [-Wunused-variable]
   82 |  float BMP_Temp, BMP_Alt, BMP_Pressure;
      |                           ^~~~~~~~~~~~
../Core/Src/main.c:82:18: warning: unused variable 'BMP_Alt' [-Wunused-variable]
   82 |  float BMP_Temp, BMP_Alt, BMP_Pressure;
      |                  ^~~~~~~
../Core/Src/main.c:82:8: warning: unused variable 'BMP_Temp' [-Wunused-variable]
   82 |  float BMP_Temp, BMP_Alt, BMP_Pressure;
      |        ^~~~~~~~
../Core/Src/main.c:81:8: warning: unused variable 'DHT_Hum' [-Wunused-variable]
   81 |  float DHT_Hum = 0;
      |        ^~~~~~~
../Core/Src/main.c:80:8: warning: unused variable 'DHT_Temp' [-Wunused-variable]
   80 |  float DHT_Temp = 0;
      |        ^~~~~~~~
arm-none-eabi-gcc -o "PCB_sensor testing.elf" @"objects.list"   -mcpu=cortex-m0plus -T"C:\Users\Ming\Documents\GitHub\Gem\Code_STM32CubeIDE\PCB_sensor testing\STM32L072RBTX_FLASH.ld" --specs=nosys.specs -Wl,-Map="PCB_sensor testing.map" -Wl,--gc-sections -static --specs=nano.specs -mfloat-abi=soft -mthumb -Wl,--start-group -lc -lm -Wl,--end-group
Finished building target: PCB_sensor testing.elf
 
arm-none-eabi-size   PCB_sensor\ testing.elf 
arm-none-eabi-objdump -h -S  PCB_sensor\ testing.elf  > "PCB_sensor testing.list"
   text	   data	    bss	    dec	    hex	filename
  11864	     20	   1804	  13688	   3578	PCB_sensor testing.elf
Finished building: default.size.stdout
 
Finished building: PCB_sensor testing.list
 
