../Core/Src/main.c:86:5:main	384	static
../Core/Src/main.c:272:6:SystemClock_Config	128	static
../Core/Src/main.c:322:13:MX_ADC_Init	16	static
../Core/Src/main.c:383:13:MX_I2C1_Init	8	static
../Core/Src/main.c:429:13:MX_TIM2_Init	32	static
../Core/Src/main.c:474:13:MX_USART1_UART_Init	8	static
../Core/Src/main.c:509:13:MX_USART5_UART_Init	8	static
../Core/Src/main.c:544:13:MX_GPIO_Init	56	static
../Core/Src/main.c:585:6:get_BMP180Readings	24	static
../Core/Src/main.c:591:6:get_DHT22Readings	32	static
../Core/Src/main.c:609:6:get_DS18B20Readings	32	static
../Core/Src/main.c:629:6:get_LDRReadings	24	static
../Core/Src/main.c:640:6:get_moistureReadings	16	static
../Core/Src/main.c:655:6:Error_Handler	8	static,ignoring_inline_asm
