main.c:86:5:main	688	static
main.c:258:6:SystemClock_Config	128	static
main.c:308:13:MX_ADC_Init	16	static
main.c:369:13:MX_I2C1_Init	8	static
main.c:415:13:MX_TIM2_Init	32	static
main.c:460:13:MX_USART1_UART_Init	8	static
main.c:495:13:MX_USART4_UART_Init	8	static
main.c:530:13:MX_GPIO_Init	48	static
main.c:552:6:get_BMP180Readings	24	static
main.c:558:6:get_DHT22Readings	32	static
main.c:576:6:get_DS18B20Readings	32	static
main.c:596:6:get_LDRReadings	24	static
main.c:607:6:get_moistureReadings	16	static
main.c:622:6:Error_Handler	8	static,ignoring_inline_asm
