19:53:45 **** Incremental Build of configuration Debug for project Code_Chip ****
make -j16 all 
arm-none-eabi-gcc "../Core/Src/main.c" -mcpu=cortex-m0plus -std=gnu11 -g3 -DDEBUG -DUSE_HAL_DRIVER -DSTM32L072xx -c -I../Core/Inc -I../Drivers/STM32L0xx_HAL_Driver/Inc -I../Drivers/STM32L0xx_HAL_Driver/Inc/Legacy -I../Drivers/CMSIS/Device/ST/STM32L0xx/Include -I../Drivers/CMSIS/Include -O0 -ffunction-sections -fdata-sections -Wall -fstack-usage -MMD -MP -MF"Core/Src/main.d" -MT"Core/Src/main.o" --specs=nano.specs -mfloat-abi=soft -mthumb -o "Core/Src/main.o"
arm-none-eabi-gcc -o "Code_Chip.elf" @"objects.list"   -mcpu=cortex-m0plus -T"C:\Users\Ming\Documents\GitHub\Gem\Code_Chip\STM32L072RBTX_FLASH.ld" --specs=nosys.specs -Wl,-Map="Code_Chip.map" -Wl,--gc-sections -static --specs=nano.specs -mfloat-abi=soft -mthumb -u _printf_float -Wl,--start-group -lc -lm -Wl,--end-group
Finished building target: Code_Chip.elf
 
arm-none-eabi-size   Code_Chip.elf 
arm-none-eabi-objdump -h -S  Code_Chip.elf  > "Code_Chip.list"
   text	   data	    bss	    dec	    hex	filename
  49600	    484	   2164	  52248	   cc18	Code_Chip.elf
Finished building: default.size.stdout
 
Finished building: Code_Chip.list
 

19:53:45 Build Finished. 0 errors, 0 warnings. (took 751ms)

